match(/a*/g /*lastIndex=0*/ , "aaabbaababab");
["aaa","","","aa","","a","","a","",""]
r.lastIndex=0
match(/a+/g /*lastIndex=0*/ , "aaabbaababab");
["aaa","aa","a","a"]
r.lastIndex=0
match(/a{2,3}$/g /*lastIndex=0*/ , "aaabbaababaa");
["aa"]
r.lastIndex=0
match(/^a{3,12}/g /*lastIndex=0*/ , "aaabbaababaa");
["aaa"]
r.lastIndex=0
match(/a{4,12}/g /*lastIndex=0*/ , "aaabbaababaa");
null
r.lastIndex=0
match(/^[ab]{12,20}$/g /*lastIndex=0*/ , "aaabbaababaa");
["aaabbaababaa"]
r.lastIndex=0
match(/^(?:a|b){12,20}$/g /*lastIndex=0*/ , "aaabbaababaa");
["aaabbaababaa"]
r.lastIndex=0
match(/^a|[ab]{12,20}$/g /*lastIndex=0*/ , "aaabbaababaa");
["a"]
r.lastIndex=0
match(/^[ab]{13,20}$/ /*lastIndex=0*/ , "aaabbaababaa");
null
r.lastIndex=0
exec(/a*/g /*lastIndex=0*/ , "cdsddfs");
[""] /*input="cdsddfs", index=0*/ 
r.lastIndex=0
exec(/a*/g /*lastIndex=0*/ , "cdsddfs");
[""] /*input="cdsddfs", index=0*/ 
r.lastIndex=0
match(/a+/ /*lastIndex=0*/ , "cdsddfs");
null
r.lastIndex=0
match(/a+/g /*lastIndex=0*/ , "cdsddfs");
null
r.lastIndex=0
match(/a*b+?/g /*lastIndex=0*/ , "abaaabbb");
["ab","aaab","b","b"]
r.lastIndex=0
exec(/a*b+?$/ /*lastIndex=0*/ , "abaaabbb");
["aaabbb"] /*input="abaaabbb", index=2*/ 
r.lastIndex=0
match(/a*/g /*lastIndex=0*/ , "bbb\u000abaa\u000aaaa\u000aaaaab");
["","","","","","aa","","aaa","","aaaa","",""]
r.lastIndex=0
match(/^a*/gm /*lastIndex=0*/ , "bbb\u000abaa\u000aaaa\u000aaaaab");
["","","aaa","aaaa"]
r.lastIndex=0
match(/a*$/g /*lastIndex=0*/ , "bbb\u000abaa\u000aaaa\u000aaaaa");
["aaaa",""]
r.lastIndex=0
match(/a*$/gm /*lastIndex=0*/ , "bbb\u000abaa\u000aaaa\u000aaaaa");
["","aa","","aaa","","aaaa",""]
r.lastIndex=0
match(/^a*$/gm /*lastIndex=0*/ , "bbb\u000abaa\u000aaaa\u000aaaaab");
["aaa"]
r.lastIndex=0
match(/a*b*a/g /*lastIndex=0*/ , "abbba");
["abbba"]
r.lastIndex=0
match(/a*b*a$/g /*lastIndex=0*/ , "abbbabbbba");
["abbbba"]
r.lastIndex=0
match(/b*a/g /*lastIndex=0*/ , "abbbcbba");
["a","bba"]
r.lastIndex=0
match(/b*$/ /*lastIndex=0*/ , "abbbcbb");
["bb"] /*input="abbbcbb", index=5*/ 
r.lastIndex=0
match(/[b\x0a]{2,4}/ /*lastIndex=0*/ , "ab\u000abbb");
["b\u000abb"] /*input="ab\u000abbb", index=1*/ 
r.lastIndex=0
match(/^[b\x0a]{2,8}$/g /*lastIndex=0*/ , "\u000ab\u000abbb");
["\u000ab\u000abbb"]
r.lastIndex=0
match(/^[b\x0a]{2,4}$/gm /*lastIndex=0*/ , "ab\u000abb\u000abbb");
["bb","bbb"]
r.lastIndex=0
match(/^[b\x0a]{2,8}$/gm /*lastIndex=0*/ , "ab\u000abb\u000abbb");
["bb\u000abbb"]
r.lastIndex=0
