0 Cannot get property 'y' of null
1 Cannot set property 'y' of null
2 cannot convert null into object
3 Cannot get property '6' of null
4 Cannot set property '6' of null
5 cannot convert null into object
6 Cannot get property 'y' of undefined
7 Cannot set property 'y' of undefined
8 cannot convert undefined into object
9 Cannot get property '6' of undefined
10 Cannot set property '6' of undefined
11 cannot convert undefined into object
12 Cannot get property 'y' of null
13 Cannot set property 'y' of null
14 cannot convert null into object
15 Cannot get property '6' of null
16 Cannot set property '6' of null
17 cannot convert null into object
18 Cannot get property 'y' of undefined
19 Cannot set property 'y' of undefined
20 cannot convert undefined into object
21 Cannot get property '6' of undefined
22 Cannot set property '6' of undefined
23 cannot convert undefined into object
24 Cannot get property 'y' of null
25 Cannot set property 'y' of null
26 cannot convert null into object
27 Cannot get property '6' of null
28 Cannot set property '6' of null
29 cannot convert null into object
30 Cannot get property 'y' of undefined
31 Cannot set property 'y' of undefined
32 cannot convert undefined into object
33 Cannot get property '6' of undefined
34 Cannot set property '6' of undefined
35 cannot convert undefined into object
count: 36 total: 36
