TypeError: Number.prototype.toString: this value is not Number nor Number object
TypeError: RegExp.prototype.toString: this value is not a RegExp object
TypeError: Function.prototype.toString: this value is not a Function object
ReferenceError: Invalid assignment.
ReferenceError: Invalid assignment.
TypeError: Boolean.prototype.toString: this value is not Boolean nor Boolean object
ReferenceError: Invalid assignment.
TypeError: String.prototype.toString: this value is not String nor String object
TypeError: Date.prototype.toString: this value is not a Date object
TypeError: Boolean.prototype.valueOf: this value is not Boolean nor Boolean object
TypeError: Date.prototype.valueOf: this value is not a Date object
TypeError: Number.prototype.valueOf: this value is not Number nor Number object
ReferenceError: Invalid assignment.
TypeError: String.prototype.valueOf: this value is not String nor String object
