TypeError: Object.prototype.valueOf: this value is undefined or null
TypeError: Object.prototype.valueOf: this value is undefined or null
TypeError: Object.prototype.valueOf: this value is undefined or null
TypeError: Object.prototype.valueOf: this value is undefined or null
true
true
undefined
