First character invalid in %-encoded URI component:
    47: Pass (URIError: GlobalObject.decodeURIComponent: malformed URI)
    58: Pass (URIError: GlobalObject.decodeURIComponent: malformed URI)
    64: Pass (URIError: GlobalObject.decodeURIComponent: malformed URI)
    91: Pass (URIError: GlobalObject.decodeURIComponent: malformed URI)
    96: Pass (URIError: GlobalObject.decodeURIComponent: malformed URI)
    123: Pass (URIError: GlobalObject.decodeURIComponent: malformed URI)
    65296: Pass (URIError: GlobalObject.decodeURIComponent: malformed URI)
    65297: Pass (URIError: GlobalObject.decodeURIComponent: malformed URI)
    65298: Pass (URIError: GlobalObject.decodeURIComponent: malformed URI)
    65299: Pass (URIError: GlobalObject.decodeURIComponent: malformed URI)
    65300: Pass (URIError: GlobalObject.decodeURIComponent: malformed URI)
    65301: Pass (URIError: GlobalObject.decodeURIComponent: malformed URI)
    65302: Pass (URIError: GlobalObject.decodeURIComponent: malformed URI)
    65303: Pass (URIError: GlobalObject.decodeURIComponent: malformed URI)
    65304: Pass (URIError: GlobalObject.decodeURIComponent: malformed URI)
    65305: Pass (URIError: GlobalObject.decodeURIComponent: malformed URI)
    65313: Pass (URIError: GlobalObject.decodeURIComponent: malformed URI)
    65314: Pass (URIError: GlobalObject.decodeURIComponent: malformed URI)
    65315: Pass (URIError: GlobalObject.decodeURIComponent: malformed URI)
    65316: Pass (URIError: GlobalObject.decodeURIComponent: malformed URI)
    65317: Pass (URIError: GlobalObject.decodeURIComponent: malformed URI)
    65318: Pass (URIError: GlobalObject.decodeURIComponent: malformed URI)
    65345: Pass (URIError: GlobalObject.decodeURIComponent: malformed URI)
    65346: Pass (URIError: GlobalObject.decodeURIComponent: malformed URI)
    65347: Pass (URIError: GlobalObject.decodeURIComponent: malformed URI)
    65348: Pass (URIError: GlobalObject.decodeURIComponent: malformed URI)
    65349: Pass (URIError: GlobalObject.decodeURIComponent: malformed URI)
    65350: Pass (URIError: GlobalObject.decodeURIComponent: malformed URI)

Second character invalid in %-encoded URI component:
    47: Pass (URIError: GlobalObject.decodeURIComponent: malformed URI)
    58: Pass (URIError: GlobalObject.decodeURIComponent: malformed URI)
    64: Pass (URIError: GlobalObject.decodeURIComponent: malformed URI)
    91: Pass (URIError: GlobalObject.decodeURIComponent: malformed URI)
    96: Pass (URIError: GlobalObject.decodeURIComponent: malformed URI)
    123: Pass (URIError: GlobalObject.decodeURIComponent: malformed URI)
    65296: Pass (URIError: GlobalObject.decodeURIComponent: malformed URI)
    65297: Pass (URIError: GlobalObject.decodeURIComponent: malformed URI)
    65298: Pass (URIError: GlobalObject.decodeURIComponent: malformed URI)
    65299: Pass (URIError: GlobalObject.decodeURIComponent: malformed URI)
    65300: Pass (URIError: GlobalObject.decodeURIComponent: malformed URI)
    65301: Pass (URIError: GlobalObject.decodeURIComponent: malformed URI)
    65302: Pass (URIError: GlobalObject.decodeURIComponent: malformed URI)
    65303: Pass (URIError: GlobalObject.decodeURIComponent: malformed URI)
    65304: Pass (URIError: GlobalObject.decodeURIComponent: malformed URI)
    65305: Pass (URIError: GlobalObject.decodeURIComponent: malformed URI)
    65313: Pass (URIError: GlobalObject.decodeURIComponent: malformed URI)
    65314: Pass (URIError: GlobalObject.decodeURIComponent: malformed URI)
    65315: Pass (URIError: GlobalObject.decodeURIComponent: malformed URI)
    65316: Pass (URIError: GlobalObject.decodeURIComponent: malformed URI)
    65317: Pass (URIError: GlobalObject.decodeURIComponent: malformed URI)
    65318: Pass (URIError: GlobalObject.decodeURIComponent: malformed URI)
    65345: Pass (URIError: GlobalObject.decodeURIComponent: malformed URI)
    65346: Pass (URIError: GlobalObject.decodeURIComponent: malformed URI)
    65347: Pass (URIError: GlobalObject.decodeURIComponent: malformed URI)
    65348: Pass (URIError: GlobalObject.decodeURIComponent: malformed URI)
    65349: Pass (URIError: GlobalObject.decodeURIComponent: malformed URI)
    65350: Pass (URIError: GlobalObject.decodeURIComponent: malformed URI)

