--- 1 ---
5
SyntaxError
SyntaxError
--- 2 ---
4
SyntaxError
SyntaxError
SyntaxError
SyntaxError
SyntaxError
4
5
--- 3 ---
SyntaxError
SyntaxError
SyntaxError
SyntaxError
5
SyntaxError
SyntaxError: RegExp has invalid source
--- 4 ---
4
4
4
4
4
5
--- 5 ---
5
5
5
5
5
5
