--- 1 ---
5
SyntaxError: unterminated regular expression
SyntaxError: unterminated regular expression
--- 2 ---
4
SyntaxError: unterminated regular expression
SyntaxError: unterminated regular expression
SyntaxError: unterminated regular expression
SyntaxError: unterminated regular expression
SyntaxError: unterminated regular expression
4
5
--- 3 ---
SyntaxError: unterminated regular expression
SyntaxError: unterminated regular expression
SyntaxError: unterminated regular expression
SyntaxError: unterminated regular expression
5
SyntaxError: unterminated regular expression
SyntaxError: RegExp has invalid source
--- 4 ---
4
4
4
4
4
5
--- 5 ---
5
5
5
5
5
5
