test1: Test passed, expected TypeError-1 is not a function
test2: Test passed, expected TypeError-null is not a function
test3: Test passed, expected TypeError-1 is not a function
test4: Test passed, expected no exception thrown
test5: Test passed, expected TypeError-[object Object] is not a function
test6: Test passed, expected ReferenceError-Blah is not defined
test7: Test passed, expected TypeError-[object Object] is not a function
test8: Test passed, expected no exception thrown
test9: Test passed, expected no exception thrown
Passed
