







































































































































































































TypeError: Callee is not a function object
