Callee is not a function object
Callee is not a function object
Callee is not a function object
Callee is not a function object
Callee is not a function object
Callee is not a function object
Callee is not a function object
Callee is not a function object
Callee is not a function object
Callee is not a function object
Callee is not a function object
Callee is not a function object
Callee is not a function object
Callee is not a function object
Callee is not a function object
Callee is not a function object
Callee is not a function object
Callee is not a function object
Callee is not a function object
Callee is not a function object
Callee is not a function object
Callee is not a function object
Callee is not a function object
Callee is not a function object
function () {}
function () {}
function () {}
Passed
Passed
