--- Standard Time (ST) conversions ---

January 31, 2006 - UTC to local - ST
Tue, 31 Jan 2006 18:00:00 GMT

January 31, 2006 - local to UTC - ST
Tue, 31 Jan 2006 19:00:00 GMT

January 31, 2007 - UTC to local - ST
Wed, 31 Jan 2007 18:00:00 GMT

January 31, 2007 - local to UTC - ST
Wed, 31 Jan 2007 19:00:00 GMT

--- Daylight Time (DT) conversions ---

July 15, 2006 - UTC to local - DT
Mon, 31 Jul 2006 18:00:00 GMT

July 15, 2006 - local to UTC - DT
Sat, 15 Jul 2006 18:00:00 GMT

July 15, 2007 - UTC to local - DT
Tue, 31 Jul 2007 18:00:00 GMT

July 15, 2007 - local to UTC - DT
Sun, 15 Jul 2007 18:00:00 GMT

--- Boundary conversions between old and new rules ---

March 31, 2006 - UTC to local - ST in 2006 rules
Fri, 31 Mar 2006 18:00:00 GMT

March 31, 2006 - local to UTC - ST in 2006 rules
Fri, 31 Mar 2006 18:00:00 GMT

March 31, 2007 - UTC to local - DT in 2007 rules
Sat, 31 Mar 2007 18:00:00 GMT

March 31, 2007 - local to UTC - DT in 2007 rules
Sat, 31 Mar 2007 18:00:00 GMT

October 31, 2006 - UTC to local - ST in 2006 rules
Tue, 31 Oct 2006 18:00:00 GMT

October 31, 2006 - local to UTC - ST in 2006 rules
Tue, 31 Oct 2006 18:00:00 GMT

October 31, 2007 - UTC to local - DT in 2007 rules
Wed, 31 Oct 2007 18:00:00 GMT

October 31, 2007 - local to UTC - DT in 2007 rules
Wed, 31 Oct 2007 18:00:00 GMT

--- Boundary conversions when transitioning into DT ---

March 11, 2007 2:00 AM transition - UTC to local
Sun, 11 Mar 2007 09:30:00 GMT
Sun, 11 Mar 2007 10:30:00 GMT
Sun, 11 Mar 2007 11:30:00 GMT

March 11, 2007 2:00 AM transition - local to UTC
Sun, 11 Mar 2007 09:30:00 GMT
Sun, 11 Mar 2007 09:30:00 GMT
Sun, 11 Mar 2007 10:30:00 GMT

--- Boundary conversions when transitioning into ST ---

November 4, 2007 2:00 AM transition - UTC to local
Sun, 04 Nov 2007 08:30:00 GMT
Sun, 04 Nov 2007 09:30:00 GMT
Sun, 04 Nov 2007 10:30:00 GMT

November 4, 2007 2:00 AM transition - local to UTC
Sun, 04 Nov 2007 07:30:00 GMT
Sun, 04 Nov 2007 08:30:00 GMT
Sun, 04 Nov 2007 10:30:00 GMT

