808234200000
NaN
Got error:
    name:     TypeError
    message:  Cannot convert object to primitive value
toString called:  no
valueOf called:   no
Got error:
    name:     TypeError
    message:  Cannot convert object to primitive value
toString called:  no
valueOf called:   yes
NaN
toString called:  no
valueOf called:   yes
32400000
toString called:  no
valueOf called:   yes
-59516380800000
toString called:  no
valueOf called:   yes
Got error:
    name:     TypeError
    message:  Cannot convert object to primitive value
toString called:  yes
valueOf called:   no
Got error:
    name:     TypeError
    message:  Cannot convert object to primitive value
toString called:  yes
valueOf called:   yes
NaN
toString called:  yes
valueOf called:   yes
32400000
toString called:  yes
valueOf called:   yes
-59516380800000
toString called:  yes
valueOf called:   yes
NaN
toString called:  yes
valueOf called:   no
NaN
toString called:  yes
valueOf called:   no
NaN
toString called:  yes
valueOf called:   no
NaN
toString called:  yes
valueOf called:   no
NaN
toString called:  yes
valueOf called:   no
28800000
toString called:  yes
valueOf called:   no
28800000
toString called:  yes
valueOf called:   no
28800000
toString called:  yes
valueOf called:   no
28800000
toString called:  yes
valueOf called:   no
28800000
toString called:  yes
valueOf called:   no
1320810523000
NaN
1320810523100
NaN
1320810523000
NaN
1320810523120
NaN
1320810523010
NaN
1320810523000
NaN
1320810523123
NaN
1320810523001
NaN
1320810523000
NaN
1320810523123
NaN
1320810523001
NaN
1320810523000
NaN
1320810523000
NaN
1320810523123
NaN
1320810523001
NaN
1320810523000
NaN
1320810523000
NaN
1320810523000
NaN
